Ontology(
Declaration(Class(<http://example.org/A>))

Declaration(Class(<http://example.org/B>))
Declaration(Class(<http://example.org/C>))
Declaration(Class(<http://example.org/D>))

Declaration(Class(<http://example.org/BCD>))

SubClassOf(<http://example.org/A> <http://example.org/B>)
SubClassOf(<http://example.org/A> <http://example.org/C>)
SubClassOf(<http://example.org/A> <http://example.org/D>)

SubClassOf(<http://example.org/A> <http://example.org/BCD>)

)