Prefix( : = <http://example.org/> )
Ontology(
Declaration(Class(<http://example.org/A>))
Declaration(Class(<http://example.org/B>))
Declaration(Class(<http://example.org/C>))
Declaration(Class(<http://example.org/D>))
Declaration(Class(<http://example.org/E>))
EquivalentClasses(:B :A)
EquivalentClasses(:C :D)
)