Prefix( owl: = <http://www.w3.org/2002/07/owl#> )
Prefix( : = <http://example.org/> )
Ontology(
# inconsistent
EquivalentClasses(owl:Nothing owl:Thing :A :B :C)
)