Prefix( : = <http://example.org/> )
Prefix( owl: = <http://www.w3.org/2002/07/owl#> )
Ontology(<www.example.org#transitive_property#taxonomy>
Declaration(Class(:A))
Declaration(Class(:B))
Declaration(Class(:C))
SubClassOf(:A :B)
)